// Jest Snapshot v1, https://goo.gl/fbAQLP

exports[`StopAndCancelAndNoIntentRouter canHandle should match the snapshot of the "AMAZON.CancelIntent" IntentRequest 1`] = `true`;

exports[`StopAndCancelAndNoIntentRouter canHandle should match the snapshot of the "AMAZON.NoIntent" IntentRequest 1`] = `true`;

exports[`StopAndCancelAndNoIntentRouter canHandle should match the snapshot of the "AMAZON.StopIntent" IntentRequest 1`] = `true`;

exports[`StopAndCancelAndNoIntentRouter handle should match snapshot 1`] = `
Object {
  "outputSpeech": Object {
    "ssml": "<speak><p>Good-bye!</p></speak>",
    "type": "SSML",
  },
}
`;
